// Jest Snapshot v1, https://goo.gl/fbAQLP

exports[`FormGroups Snapshots should match snapshot for default FormGroup 1`] = `
<div
  className="col"
>
  <div
    className="row mt-5"
  >
    <form
      className="col"
      onSubmit={[Function]}
    >
      <div
        className="form-group row"
      >
        <div
          className="col-1"
        />
        <label
          className="col-2 col-form-label"
          htmlFor="Organization-Name"
        >
          Organization Name
        </label>
        <div
          className="col-8"
        >
          <input
            className="form-control"
            id="Organization-Name"
            onChange={[Function]}
            type="text"
            value=""
          />
        </div>
        <div
          className="col-1"
        />
      </div>
      <div>
        <div
          className="form-group row"
        >
          <div
            className="col-1"
          />
          <label
            className="col-2 col-form-label"
            htmlFor="Address-Line-1"
          >
            Address Line 1
          </label>
          <div
            className="col-8"
          >
            <input
              className="form-control"
              id="Address-Line-1"
              onChange={[Function]}
              type="text"
              value=""
            />
          </div>
          <div
            className="col-1"
          />
        </div>
        <div
          className="form-group row"
        >
          <div
            className="col-1"
          />
          <label
            className="col-2 col-form-label"
            htmlFor="Address-Line-2"
          >
            Address Line 2
          </label>
          <div
            className="col-8"
          >
            <input
              className="form-control"
              id="Address-Line-2"
              onChange={[Function]}
              type="text"
              value=""
            />
          </div>
          <div
            className="col-1"
          />
        </div>
        <div
          className="form-group row"
        >
          <div
            className="col-1"
          />
          <label
            className="col-2 col-form-label"
            htmlFor="City"
          >
            City
          </label>
          <div
            className="col-8"
          >
            <input
              className="form-control"
              id="City"
              onChange={[Function]}
              type="text"
              value=""
            />
          </div>
          <div
            className="col-1"
          />
        </div>
        <div
          className="form-group row"
        >
          <div
            className="col-1"
          />
          <label
            className="col-2 col-form-label"
            htmlFor="State"
          >
            State
          </label>
          <div
            className="col"
          >
            <select
              className="form-control"
              id="State"
              onChange={[Function]}
              placeholder="Select State..."
              value=""
            >
              <option
                disabled={true}
                selected={true}
                value=""
              >
                Select State...
              </option>
              <option
                value="AL"
              >
                Alabama
              </option>
              <option
                value="AK"
              >
                Alaska
              </option>
              <option
                value="AZ"
              >
                Arizona
              </option>
              <option
                value="AR"
              >
                Arkansas
              </option>
              <option
                value="CA"
              >
                California
              </option>
              <option
                value="CO"
              >
                Colorado
              </option>
              <option
                value="CT"
              >
                Connecticut
              </option>
              <option
                value="DE"
              >
                Delaware
              </option>
              <option
                value="DC"
              >
                District Of Columbia
              </option>
              <option
                value="FL"
              >
                Florida
              </option>
              <option
                value="GA"
              >
                Georgia
              </option>
              <option
                value="HI"
              >
                Hawaii
              </option>
              <option
                value="ID"
              >
                Idaho
              </option>
              <option
                value="IL"
              >
                Illinois
              </option>
              <option
                value="IN"
              >
                Indiana
              </option>
              <option
                value="IA"
              >
                Iowa
              </option>
              <option
                value="KS"
              >
                Kansas
              </option>
              <option
                value="KY"
              >
                Kentucky
              </option>
              <option
                value="LA"
              >
                Louisiana
              </option>
              <option
                value="ME"
              >
                Maine
              </option>
              <option
                value="MD"
              >
                Maryland
              </option>
              <option
                value="MA"
              >
                Massachusetts
              </option>
              <option
                value="MI"
              >
                Michigan
              </option>
              <option
                value="MN"
              >
                Minnesota
              </option>
              <option
                value="MS"
              >
                Mississippi
              </option>
              <option
                value="MO"
              >
                Missouri
              </option>
              <option
                value="MT"
              >
                Montana
              </option>
              <option
                value="NE"
              >
                Nebraska
              </option>
              <option
                value="NV"
              >
                Nevada
              </option>
              <option
                value="NH"
              >
                New Hampshire
              </option>
              <option
                value="NJ"
              >
                New Jersey
              </option>
              <option
                value="NM"
              >
                New Mexico
              </option>
              <option
                value="NY"
              >
                New York
              </option>
              <option
                value="NC"
              >
                North Carolina
              </option>
              <option
                value="ND"
              >
                North Dakota
              </option>
              <option
                value="OH"
              >
                Ohio
              </option>
              <option
                value="OK"
              >
                Oklahoma
              </option>
              <option
                value="OR"
              >
                Oregon
              </option>
              <option
                value="PA"
              >
                Pennsylvania
              </option>
              <option
                value="RI"
              >
                Rhode Island
              </option>
              <option
                value="SC"
              >
                South Carolina
              </option>
              <option
                value="SD"
              >
                South Dakota
              </option>
              <option
                value="TN"
              >
                Tennessee
              </option>
              <option
                value="TX"
              >
                Texas
              </option>
              <option
                value="UT"
              >
                Utah
              </option>
              <option
                value="VT"
              >
                Vermont
              </option>
              <option
                value="VA"
              >
                Virginia
              </option>
              <option
                value="WA"
              >
                Washington
              </option>
              <option
                value="WV"
              >
                West Virginia
              </option>
              <option
                value="WI"
              >
                Wisconsin
              </option>
              <option
                value="WY"
              >
                Wyoming
              </option>
            </select>
          </div>
          <label
            className="col-1 col-form-label"
            htmlFor="Zip"
          >
            Zip
          </label>
          <div
            className="col"
          >
            <input
              className="form-control"
              id="Zip"
              onChange={[Function]}
              type="zip"
              value=""
            />
          </div>
          <div
            className="col-1"
          />
        </div>
      </div>
      <div
        className="form-group row"
      >
        <div
          className="col-6"
        />
        <button
          onClick={[Function]}
        >
           Add Location 
        </button>
      </div>
      <div
        className="form-group row"
      >
        <div
          className="col-1"
        />
        <label
          className="col-2 col-form-label"
          htmlFor="Email"
        >
          Email
        </label>
        <div
          className="col-8"
        >
          <input
            className="form-control"
            id="Email"
            onChange={[Function]}
            type="text"
            value=""
          />
        </div>
        <div
          className="col-1"
        />
      </div>
      <div
        className="form-group row"
      >
        <div
          className="col-1"
        />
        <label
          className="col-2 col-form-label"
          htmlFor="Phone-Number"
        >
          Phone Number
        </label>
        <div
          className="col-8"
        >
          <input
            className="form-control"
            id="Phone-Number"
            onChange={[Function]}
            type="text"
            value=""
          />
        </div>
        <div
          className="col-1"
        />
      </div>
      <div
        className="form-group row"
      >
        <div
          className="col-1"
        />
        <label
          className="col-2 col-form-label"
          htmlFor="Fax-Number"
        >
          Fax Number
        </label>
        <div
          className="col-8"
        >
          <input
            className="form-control"
            id="Fax-Number"
            onChange={[Function]}
            type="text"
            value=""
          />
        </div>
        <div
          className="col-1"
        />
      </div>
      <div
        className="form-group row"
      >
        <div
          className="col-1"
        />
        <label
          className="col-2 col-form-label"
          htmlFor="Website-URL"
        >
          Website URL
        </label>
        <div
          className="col-8"
        >
          <input
            className="form-control"
            id="Website-URL"
            onChange={[Function]}
            type="text"
            value=""
          />
        </div>
        <div
          className="col-1"
        />
      </div>
      <div
        className="form-group row"
      >
        <div
          className="col-1"
        />
        <label
          className="col-2 col-form-label"
          htmlFor="Services"
        />
        <div
          className="col-8"
        >
          Do you provide healthcare services?
          <ul>
            <li>
              <label>
                <input
                  checked={false}
                  id="provider-yes"
                  onChange={[Function]}
                  type="radio"
                  value="yes"
                />
                Yes
              </label>
            </li>
            <li>
              <label>
                <input
                  checked={false}
                  id="provider-no"
                  onChange={[Function]}
                  type="radio"
                  value="no"
                />
                No
              </label>
            </li>
          </ul>
        </div>
      </div>
      <div
        className="form-group row"
      >
        <div
          className="col-1"
        />
        <label
          className="col-2 col-form-label"
          htmlFor="Mission"
        >
          Mission
        </label>
        <div
          className="col-8"
        >
          <input
            className="form-control"
            id="Mission"
            onChange={[Function]}
            type="text"
            value=""
          />
        </div>
        <div
          className="col-1"
        />
      </div>
      <div
        className="form-group row"
      >
        <div
          className="col-1"
        />
        <label
          className="col-2 col-form-label"
          htmlFor="banking"
        />
        <div
          className="col-8"
        >
          Do you wish to add banking information for grant services now?
          <ul>
            <li>
              <label>
                <input
                  checked={false}
                  id="banking-yes"
                  onChange={[Function]}
                  type="radio"
                  value="yes"
                />
                Yes
              </label>
            </li>
            <li>
              <label>
                <input
                  checked={false}
                  id="banking-no"
                  onChange={[Function]}
                  type="radio"
                  value="no"
                />
                No
              </label>
            </li>
          </ul>
        </div>
      </div>
      <div
        className="form-group row"
      >
        <div
          className="col-1"
        />
        <label
          className="col-2 col-form-label"
          htmlFor="agreement"
        />
        <div
          className="col-8"
        >
          Notice: Without verification, members of this organization will be unable to access personal information of individual applicants through AFFORDABLE.
          <ul>
            <li>
              <label>
                <input
                  checked={false}
                  id="agreement-confirm"
                  onChange={[Function]}
                  type="radio"
                  value="agree"
                />
                Agree
              </label>
            </li>
          </ul>
        </div>
        <div
          className="col-1"
        />
      </div>
      <div
        className="form-group row"
      >
        <div
          className="col-1"
        />
        <label
          className="col-2 col-form-label"
          htmlFor="affordablePlacement"
        />
        <div
          className="col-8"
        >
          Our application hosting and management portal is free, but before you can continue and use the service, please place our link on your website.
          <p>
            <a
              href="https://www.affordhealth.org"
              target="_blank"
            >
              www.affordhealth.org
            </a>
          </p>
          <ul>
            <li>
              <label>
                <input
                  checked={false}
                  id="allset"
                  onChange={[Function]}
                  type="radio"
                  value="allSet"
                />
                All Set!
              </label>
            </li>
          </ul>
        </div>
        <div
          className="col-1"
        />
      </div>
      <div
        className="form-group row"
      >
        <div
          className="col text-center"
        >
          <form
            className="App-login text-center"
            onSubmit={[Function]}
          >
            <input
              className="submit-button"
              id="submit-button"
              type="submit"
              value="Add"
            />
          </form>
        </div>
      </div>
    </form>
  </div>
</div>
`;
