// Jest Snapshot v1, https://goo.gl/fbAQLP

exports[`FormGroups should match snapshot for default FormGroup 1`] = `
<div
  className="col"
>
  <p>
     
    To be verified on AFFORDABLE, you must be registered as a nonprofit organization by the Internal Revenue Service (IRS).
  </p>
  <p>
     Please enter the following information as provided with the IRS.
  </p>
  <div
    className="row mt-5"
  >
    <form
      className="col"
      onSubmit={[Function]}
    >
      <div
        className="form-group row"
      >
        <div
          className="col-1"
        />
        <label
          className="col-2 col-form-label"
          htmlFor="Organization-Name"
        >
          Organization Name
        </label>
        <div
          className="col-8"
        >
          <input
            className="form-control"
            id="Organization-Name"
            onChange={[Function]}
            type="text"
            value=""
          />
        </div>
        <div
          className="col-1"
        />
      </div>
      <div
        className=""
      >
        <div
          className="form-group row"
        >
          <div
            className="col-1"
          />
          <label
            className="col-2 col-form-label"
            htmlFor="Address-Line-1"
          >
            Address Line 1
          </label>
          <div
            className="col-8"
          >
            <input
              className="form-control"
              id="Address-Line-1"
              onChange={[Function]}
              type="text"
              value=""
            />
          </div>
          <div
            className="col-1"
          />
        </div>
        <div
          className="form-group row"
        >
          <div
            className="col-1"
          />
          <label
            className="col-2 col-form-label"
            htmlFor="Address-Line-2"
          >
            Address Line 2
          </label>
          <div
            className="col-8"
          >
            <input
              className="form-control"
              id="Address-Line-2"
              onChange={[Function]}
              type="text"
              value=""
            />
          </div>
          <div
            className="col-1"
          />
        </div>
        <div
          className="form-group row"
        >
          <div
            className="col-1"
          />
          <label
            className="col-2 col-form-label"
            htmlFor="City"
          >
            City
          </label>
          <div
            className="col"
          >
            <input
              className="form-control"
              id="City"
              onChange={[Function]}
              type="city"
              value=""
            />
          </div>
          <label
            className="col-1 col-form-label"
            htmlFor="State"
          >
            State
          </label>
          <div
            className="col"
          >
            <select
              className="form-control"
              id="State"
              onChange={[Function]}
              value=""
            >
              <option
                disabled={true}
                selected={true}
                value=""
              >
                Select State...
              </option>
              <option
                value="AL"
              >
                Alabama
              </option>
              <option
                value="AK"
              >
                Alaska
              </option>
              <option
                value="AZ"
              >
                Arizona
              </option>
              <option
                value="AR"
              >
                Arkansas
              </option>
              <option
                value="CA"
              >
                California
              </option>
              <option
                value="CO"
              >
                Colorado
              </option>
              <option
                value="CT"
              >
                Connecticut
              </option>
              <option
                value="DE"
              >
                Delaware
              </option>
              <option
                value="DC"
              >
                District Of Columbia
              </option>
              <option
                value="FL"
              >
                Florida
              </option>
              <option
                value="GA"
              >
                Georgia
              </option>
              <option
                value="HI"
              >
                Hawaii
              </option>
              <option
                value="ID"
              >
                Idaho
              </option>
              <option
                value="IL"
              >
                Illinois
              </option>
              <option
                value="IN"
              >
                Indiana
              </option>
              <option
                value="IA"
              >
                Iowa
              </option>
              <option
                value="KS"
              >
                Kansas
              </option>
              <option
                value="KY"
              >
                Kentucky
              </option>
              <option
                value="LA"
              >
                Louisiana
              </option>
              <option
                value="ME"
              >
                Maine
              </option>
              <option
                value="MD"
              >
                Maryland
              </option>
              <option
                value="MA"
              >
                Massachusetts
              </option>
              <option
                value="MI"
              >
                Michigan
              </option>
              <option
                value="MN"
              >
                Minnesota
              </option>
              <option
                value="MS"
              >
                Mississippi
              </option>
              <option
                value="MO"
              >
                Missouri
              </option>
              <option
                value="MT"
              >
                Montana
              </option>
              <option
                value="NE"
              >
                Nebraska
              </option>
              <option
                value="NV"
              >
                Nevada
              </option>
              <option
                value="NH"
              >
                New Hampshire
              </option>
              <option
                value="NJ"
              >
                New Jersey
              </option>
              <option
                value="NM"
              >
                New Mexico
              </option>
              <option
                value="NY"
              >
                New York
              </option>
              <option
                value="NC"
              >
                North Carolina
              </option>
              <option
                value="ND"
              >
                North Dakota
              </option>
              <option
                value="OH"
              >
                Ohio
              </option>
              <option
                value="OK"
              >
                Oklahoma
              </option>
              <option
                value="OR"
              >
                Oregon
              </option>
              <option
                value="PA"
              >
                Pennsylvania
              </option>
              <option
                value="RI"
              >
                Rhode Island
              </option>
              <option
                value="SC"
              >
                South Carolina
              </option>
              <option
                value="SD"
              >
                South Dakota
              </option>
              <option
                value="TN"
              >
                Tennessee
              </option>
              <option
                value="TX"
              >
                Texas
              </option>
              <option
                value="UT"
              >
                Utah
              </option>
              <option
                value="VT"
              >
                Vermont
              </option>
              <option
                value="VA"
              >
                Virginia
              </option>
              <option
                value="WA"
              >
                Washington
              </option>
              <option
                value="WV"
              >
                West Virginia
              </option>
              <option
                value="WI"
              >
                Wisconsin
              </option>
              <option
                value="WY"
              >
                Wyoming
              </option>
            </select>
          </div>
          <label
            className="col-1 col-form-label"
            htmlFor="Zip"
          >
            Zip
          </label>
          <div
            className="col"
          >
            <input
              className="form-control"
              id="Zip"
              onChange={[Function]}
              type="zip"
              value=""
            />
          </div>
          <div
            className="col-1"
          />
        </div>
      </div>
      <div
        className="form-group row"
      >
        <div
          className="col-1"
        />
        <label
          className="col-2 col-form-label"
          htmlFor="EIN"
        >
          EIN
        </label>
        <div
          className="col-8"
        >
          <input
            className="form-control"
            id="EIN"
            onChange={[Function]}
            type="text"
            value=""
          />
        </div>
        <div
          className="col-1"
        />
      </div>
      <div
        className="form-group row"
      >
        <div
          className="col-1"
        />
        <label
          className="col-2 col-form-label"
          htmlFor="Tax Section"
        >
          Tax Section
        </label>
        <div
          className="col-8"
        >
          <select
            className="form-control"
            id="Tax-Section"
            onChange={[Function]}
            value=""
          >
            <option
              disabled={true}
              selected={true}
              value=""
            >
              Select Tax Section...
            </option>
            <option
              value="2"
            >
              501(c)(2)
            </option>
            <option
              value="3"
            >
              501(c)(3)
            </option>
            <option
              value="4"
            >
              501(c)(4)
            </option>
            <option
              value="5"
            >
              501(c)(5)
            </option>
            <option
              value="6"
            >
              501(c)(6)
            </option>
            <option
              value="7"
            >
              501(c)(7)
            </option>
            <option
              value="8"
            >
              501(c)(8)
            </option>
            <option
              value="9"
            >
              501(c)(9)
            </option>
            <option
              value="10"
            >
              501(c)(10)
            </option>
            <option
              value="11"
            >
              501(c)(11)
            </option>
            <option
              value="12"
            >
              501(c)(12)
            </option>
            <option
              value="13"
            >
              501(c)(13)
            </option>
            <option
              value="14"
            >
              501(c)(14)
            </option>
            <option
              value="15"
            >
              501(c)(15)
            </option>
            <option
              value="16"
            >
              501(c)(16)
            </option>
            <option
              value="17"
            >
              501(c)(17)
            </option>
            <option
              value="18"
            >
              501(c)(18)
            </option>
            <option
              value="19"
            >
              501(c)(19)
            </option>
            <option
              value="21"
            >
              501(c)(21)
            </option>
            <option
              value="22"
            >
              501(c)(22)
            </option>
            <option
              value="23"
            >
              501(c)(23)
            </option>
            <option
              value="25"
            >
              501(c)(25)
            </option>
            <option
              value="26"
            >
              501(c)(26)
            </option>
            <option
              value="27"
            >
              501(c)(27)
            </option>
            <option
              value="28"
            >
              501(c)(28)
            </option>
            <option
              value="92"
            >
              4947(a)(1)
            </option>
          </select>
        </div>
      </div>
      <div
        className="form-group row"
      >
        <div
          className="col-1"
        />
        <label
          className="col-2 col-form-label"
          htmlFor="IRS-Activity-Code"
        >
          IRS Activity Code
        </label>
        <div
          className="col-8"
        >
          <input
            className="form-control"
            id="IRS-Activity-Code"
            onChange={[Function]}
            type="text"
            value=""
          />
        </div>
        <div
          className="col-1"
        />
      </div>
      <div
        className="form-group row"
      >
        <div
          className="col text-center"
        >
          <form
            className="App-login text-center"
            onSubmit={[Function]}
          >
            <input
              className="submit-button"
              type="submit"
              value="Submit"
            />
          </form>
        </div>
      </div>
    </form>
  </div>
  
</div>
`;
